
> fintrabit@0.0.0 build
> tsc -b && vite build

src/components/card/Card.tsx(49,11): error TS6133: 'favouriteInstrument' is declared but its value is never read.
src/components/historyCard/HistoryCard.tsx(20,3): error TS6133: 'label' is declared but its value is never read.
src/components/marketCard/MarketCard.tsx(5,1): error TS6133: 'useAppSelector' is declared but its value is never read.
src/components/marketCard/MarketCard.tsx(91,9): error TS6133: 'marketEdit' is declared but its value is never read.
src/components/multiAccountModal/MultiAccountModal.tsx(16,10): error TS6133: 'loading' is declared but its value is never read.
src/components/multiAccountModal/MultiAccountModal.tsx(19,9): error TS6133: 'theme' is declared but its value is never read.
src/components/navigationTabs/NavigationTabs.tsx(3,1): error TS6133: 'ProfitLossClose' is declared but its value is never read.
src/components/navigationTabs/NavigationTabs.tsx(4,1): error TS6133: 'DateChanger' is declared but its value is never read.
src/components/orderButtons/OrderButtons.tsx(299,13): error TS6133: 'pnlColorClass' is declared but its value is never read.
src/components/orderButtons/OrderButtons.tsx(305,13): error TS6133: 'borderColorClass' is declared but its value is never read.
src/components/orderStatus/OrderStatus.tsx(3,27): error TS6133: 'Check' is declared but its value is never read.
src/pages/general/General.tsx(8,1): error TS6133: 'SearchBar' is declared but its value is never read.
src/pages/general/General.tsx(37,22): error TS6133: 'setSearchTerm' is declared but its value is never read.
src/pages/history/History.tsx(46,6): error TS6196: 'DealWithSpecificInstruments' is declared but never used.
src/pages/login/Login.tsx(22,9): error TS6133: 'theme' is declared but its value is never read.
src/pages/newOrder/NewOrder.tsx(123,10): error TS6133: 'askColor' is declared but its value is never read.
src/pages/newOrder/NewOrder.tsx(124,10): error TS6133: 'bidColor' is declared but its value is never read.
src/pages/trade/Trade.tsx(214,5): error TS2353: Object literal may only specify known properties, and 'showBorder' does not exist in type 'ProfitBalanceProps'.
src/store/slices/chartSlice.ts(57,5): error TS6198: All destructured elements are unused.
src/store/slices/dealsSlice.ts(58,30): error TS6133: 'timestamp' is declared but its value is never read.
src/store/slices/historyOrdersSlice.ts(56,10): error TS6133: 'timestamp' is declared but its value is never read.
src/store/slices/historyPositionsSlice.ts(99,10): error TS6133: 'timestamp' is declared but its value is never read.
